// Jest Snapshot v1, https://goo.gl/fbAQLP

exports[`test with axios combination work of funcitons 1`] = `
[
  "1",
  "2",
  "3",
  "4",
  "5",
  "6",
  "7",
  "8",
  "9",
  "10",
]
`;
